// Jest Snapshot v1, https://goo.gl/fbAQLP

exports[`App component Renders correctly 1`] = `ShallowWrapper {}`;
